// Jest Snapshot v1, https://goo.gl/fbAQLP

exports[`<CatalogoScreen/> quando renderizado e em loading 1`] = `
<ActivityIndicator
  size="large"
  testID="loading"
/>
`;
